---
source: tui/src/status/tests.rs
expression: rendered
---
/status

╭──────────────────────────────────────────────────────────────────────────╮
│  >_ OpenAI Codex (v0.0.0)                                                │
│                                                                          │
│ Visit https://chatgpt.com/codex/settings/usage for up-to-date            │
│ information on rate limits and credits                                   │
│                                                                          │
│  Model:         gpt-5.1-codex (reasoning none, summaries auto)           │
│  Directory: [[workspace]]                                                │
│  Permissions:   Custom (workspace with network access, Ask for approval) │
│  Agents.md:     <none>                                                   │
│                                                                          │
│  Token usage:   0 total  (0 input + 0 output)                            │
│  Access:        Blocked - workspace usage limit reached                  │
│                 Ask a workspace owner to increase the limit.             │
│  5h limit:      [█░░░░░░░░░░░░░░░░░░░] 5% left (resets 09:25)            │
╰──────────────────────────────────────────────────────────────────────────╯
