---
source: tui/src/status/tests.rs
expression: sanitized
---
/status

 >_ OpenAI Codex v0.0.0

 Model:         gpt-5.1-codex-max (reasoning none, summaries auto)
 Directory:     C:\workspace\tests
 Permissions:   Custom (workspace with network access, Ask for approval)
 Agents.md:     <none>
 Account:       Enterprise (Automation)

 Limits:        data not available yet

 Live usage:  https://chatgpt.com/codex/settings/usage
