---
source: tui/src/style.rs
expression: fixtures
---
[
    (
        "dark truecolor",
        [
            (
                "brand",
                Style::new().magenta().bold(),
            ),
            (
                "accent",
                Style::new().magenta().bold(),
            ),
            (
                "success",
                Style::new().green().bold(),
            ),
            (
                "attention",
                Style::new().fg(Color::Reset).bold(),
            ),
            (
                "failure",
                Style::new().red().bold(),
            ),
            (
                "key hint",
                Style::new().fg(Color::Reset).bold().not_dim(),
            ),
            (
                "secondary",
                Style::new().dim(),
            ),
            (
                "attachment",
                Style::new().magenta().bold(),
            ),
        ],
    ),
    (
        "light truecolor",
        [
            (
                "brand",
                Style::new().magenta().bold(),
            ),
            (
                "accent",
                Style::new().fg(Color::Rgb(132, 0, 120)).bold(),
            ),
            (
                "success",
                Style::new().green().bold(),
            ),
            (
                "attention",
                Style::new().fg(Color::Reset).bold(),
            ),
            (
                "failure",
                Style::new().red().bold(),
            ),
            (
                "key hint",
                Style::new().fg(Color::Reset).bold().not_dim(),
            ),
            (
                "secondary",
                Style::new().dim(),
            ),
            (
                "attachment",
                Style::new().fg(Color::Rgb(132, 0, 120)).bold(),
            ),
        ],
    ),
    (
        "dark 256-color",
        [
            (
                "brand",
                Style::new().magenta().bold(),
            ),
            (
                "accent",
                Style::new().magenta().bold(),
            ),
            (
                "success",
                Style::new().green().bold(),
            ),
            (
                "attention",
                Style::new().fg(Color::Reset).bold(),
            ),
            (
                "failure",
                Style::new().red().bold(),
            ),
            (
                "key hint",
                Style::new().fg(Color::Reset).bold().not_dim(),
            ),
            (
                "secondary",
                Style::new().dim(),
            ),
            (
                "attachment",
                Style::new().magenta().bold(),
            ),
        ],
    ),
    (
        "light 256-color",
        [
            (
                "brand",
                Style::new().magenta().bold(),
            ),
            (
                "accent",
                Style::new().fg(Color::Indexed(90)).bold(),
            ),
            (
                "success",
                Style::new().green().bold(),
            ),
            (
                "attention",
                Style::new().fg(Color::Reset).bold(),
            ),
            (
                "failure",
                Style::new().red().bold(),
            ),
            (
                "key hint",
                Style::new().fg(Color::Reset).bold().not_dim(),
            ),
            (
                "secondary",
                Style::new().dim(),
            ),
            (
                "attachment",
                Style::new().fg(Color::Indexed(90)).bold(),
            ),
        ],
    ),
    (
        "dark 16-color",
        [
            (
                "brand",
                Style::new().magenta().bold(),
            ),
            (
                "accent",
                Style::new().magenta().bold(),
            ),
            (
                "success",
                Style::new().green().bold(),
            ),
            (
                "attention",
                Style::new().fg(Color::Reset).bold(),
            ),
            (
                "failure",
                Style::new().red().bold(),
            ),
            (
                "key hint",
                Style::new().fg(Color::Reset).bold().not_dim(),
            ),
            (
                "secondary",
                Style::new().dim(),
            ),
            (
                "attachment",
                Style::new().magenta().bold(),
            ),
        ],
    ),
    (
        "light 16-color",
        [
            (
                "brand",
                Style::new().magenta().bold(),
            ),
            (
                "accent",
                Style::new().fg(Color::Reset).bold(),
            ),
            (
                "success",
                Style::new().green().bold(),
            ),
            (
                "attention",
                Style::new().fg(Color::Reset).bold(),
            ),
            (
                "failure",
                Style::new().red().bold(),
            ),
            (
                "key hint",
                Style::new().fg(Color::Reset).bold().not_dim(),
            ),
            (
                "secondary",
                Style::new().dim(),
            ),
            (
                "attachment",
                Style::new().fg(Color::Reset).bold(),
            ),
        ],
    ),
    (
        "no color",
        [
            (
                "brand",
                Style::new().fg(Color::Reset).bold(),
            ),
            (
                "accent",
                Style::new().fg(Color::Reset).bold(),
            ),
            (
                "success",
                Style::new().fg(Color::Reset).bold(),
            ),
            (
                "attention",
                Style::new().fg(Color::Reset).bold(),
            ),
            (
                "failure",
                Style::new().fg(Color::Reset).bold(),
            ),
            (
                "key hint",
                Style::new().fg(Color::Reset).bold().not_dim(),
            ),
            (
                "secondary",
                Style::new().dim(),
            ),
            (
                "attachment",
                Style::new().fg(Color::Reset).bold(),
            ),
        ],
    ),
]
