---
source: tui/src/oss_selection.rs
expression: "render(&widget, Rect::new(0, 0, 40, 1))"
---
Buffer {
    area: Rect { x: 0, y: 0, width: 40, height: 1 },
    content: [
        " LM Studio   Ollama                     ",
    ],
    styles: [
        x: 0, y: 0, fg: Black, bg: Cyan, underline: Reset, modifier: NONE,
        x: 1, y: 0, fg: Black, bg: Cyan, underline: Reset, modifier: UNDERLINED,
        x: 2, y: 0, fg: Black, bg: Cyan, underline: Reset, modifier: NONE,
        x: 11, y: 0, fg: Reset, bg: Reset, underline: Reset, modifier: NONE,
        x: 12, y: 0, fg: Reset, bg: DarkGray, underline: Reset, modifier: NONE,
        x: 13, y: 0, fg: Reset, bg: DarkGray, underline: Reset, modifier: UNDERLINED,
        x: 14, y: 0, fg: Reset, bg: DarkGray, underline: Reset, modifier: NONE,
        x: 20, y: 0, fg: Reset, bg: Reset, underline: Reset, modifier: NONE,
    ]
}
