---
source: tui/src/oss_selection.rs
expression: "render(&widget, Rect::new(0, 0, 80, 12))"
---
Buffer {
    area: Rect { x: 0, y: 0, width: 80, height: 12 },
    content: [
        "› Local providers                                                               ",
        "                                                                                ",
        "  Choose which local AI server to use for your session.                         ",
        "                                                                                ",
        "  ● LM Studio                                                                   ",
        "  ○ Ollama (Responses)                                                          ",
        "  ○ Ollama (Chat)                                                               ",
        "                                                                                ",
        "  ● running  ○ not running  ? unknown                                           ",
        "Choose provider                                                                 ",
        " › 1. LM Studio     2. Ollama                                                   ",
        " Local LM Studio server (default port 1234)                                     ",
    ],
    styles: [
        x: 0, y: 0, fg: Magenta, bg: Reset, underline: Reset, modifier: BOLD,
        x: 2, y: 0, fg: Reset, bg: Reset, underline: Reset, modifier: BOLD,
        x: 17, y: 0, fg: Reset, bg: Reset, underline: Reset, modifier: NONE,
        x: 2, y: 4, fg: Green, bg: Reset, underline: Reset, modifier: NONE,
        x: 3, y: 4, fg: Reset, bg: Reset, underline: Reset, modifier: NONE,
        x: 2, y: 5, fg: Red, bg: Reset, underline: Reset, modifier: NONE,
        x: 3, y: 5, fg: Reset, bg: Reset, underline: Reset, modifier: NONE,
        x: 2, y: 6, fg: Red, bg: Reset, underline: Reset, modifier: NONE,
        x: 3, y: 6, fg: Reset, bg: Reset, underline: Reset, modifier: NONE,
        x: 0, y: 8, fg: Reset, bg: Reset, underline: Reset, modifier: DIM,
        x: 37, y: 8, fg: Reset, bg: Reset, underline: Reset, modifier: NONE,
        x: 0, y: 9, fg: Reset, bg: Reset, underline: Reset, modifier: BOLD,
        x: 0, y: 10, fg: Magenta, bg: Reset, underline: Reset, modifier: BOLD | UNDERLINED,
        x: 16, y: 10, fg: Reset, bg: Reset, underline: Reset, modifier: NONE,
        x: 23, y: 10, fg: Reset, bg: Reset, underline: Reset, modifier: UNDERLINED,
        x: 24, y: 10, fg: Reset, bg: Reset, underline: Reset, modifier: NONE,
        x: 1, y: 11, fg: Reset, bg: Reset, underline: Reset, modifier: DIM | ITALIC,
        x: 79, y: 11, fg: Reset, bg: Reset, underline: Reset, modifier: NONE,
    ]
}
