---
source: tui/src/oss_selection.rs
expression: "render(&widget, Rect::new(0, 0, 40, 1))"
---
Buffer {
    area: Rect { x: 0, y: 0, width: 40, height: 1 },
    content: [
        " › 1. LM Studio     2. Ollama           ",
    ],
    styles: [
        x: 0, y: 0, fg: Reset, bg: Reset, underline: Reset, modifier: BOLD | UNDERLINED,
        x: 16, y: 0, fg: Reset, bg: Reset, underline: Reset, modifier: NONE,
        x: 23, y: 0, fg: Reset, bg: Reset, underline: Reset, modifier: UNDERLINED,
        x: 24, y: 0, fg: Reset, bg: Reset, underline: Reset, modifier: NONE,
    ]
}
