---
source: tui/src/startup_draft_visual_tests.rs
expression: "sanitize_codex_version(&format!(\"{buffer:?}\"))"
---
Buffer {
    area: Rect { x: 0, y: 0, width: 18, height: 12 },
    content: [
        "Guarded access    ",
        "╭────────────────╮",
        "│ › Type a draf… │",
        "╰────────────────╯",
        "  ? shortcuts     ",
        "                  ",
        "                  ",
        "                  ",
        "                  ",
        "                  ",
        "                  ",
        "                  ",
    ],
    styles: [
        x: 0, y: 0, fg: Reset, bg: Reset, underline: Reset, modifier: NONE,
        x: 0, y: 1, fg: Rgb(207, 206, 204), bg: Reset, underline: Reset, modifier: NONE,
        x: 1, y: 2, fg: Reset, bg: Rgb(238, 237, 234), underline: Reset, modifier: NONE,
        x: 2, y: 2, fg: Rgb(132, 0, 120), bg: Rgb(238, 237, 234), underline: Reset, modifier: BOLD,
        x: 3, y: 2, fg: Reset, bg: Rgb(238, 237, 234), underline: Reset, modifier: NONE,
        x: 4, y: 2, fg: Rgb(100, 99, 99), bg: Rgb(238, 237, 234), underline: Reset, modifier: NONE,
        x: 16, y: 2, fg: Reset, bg: Rgb(238, 237, 234), underline: Reset, modifier: NONE,
        x: 17, y: 2, fg: Rgb(207, 206, 204), bg: Reset, underline: Reset, modifier: NONE,
        x: 0, y: 4, fg: Reset, bg: Reset, underline: Reset, modifier: NONE,
        x: 2, y: 4, fg: Reset, bg: Reset, underline: Reset, modifier: BOLD,
        x: 3, y: 4, fg: Reset, bg: Reset, underline: Reset, modifier: DIM,
        x: 13, y: 4, fg: Reset, bg: Reset, underline: Reset, modifier: NONE,
    ]
}
