---
source: tui/src/diff_render_light_palette_tests.rs
expression: "format!(\"{buffer:?}\")"
---
Buffer {
    area: Rect { x: 0, y: 0, width: 60, height: 10 },
    content: [
        "• Edited greet.py (+1 -1)                                   ",
        "    1  def greet(name):                                     ",
        "    2 -    print("hi " + name)                              ",
        "    2 +    print(f"hi {name}!")                             ",
        "                                                            ",
        "                                                            ",
        "                                                            ",
        "                                                            ",
        "                                                            ",
        "                                                            ",
    ],
    styles: [
        x: 0, y: 0, fg: Reset, bg: Reset, underline: Reset, modifier: DIM,
        x: 2, y: 0, fg: Reset, bg: Reset, underline: Reset, modifier: BOLD,
        x: 8, y: 0, fg: Reset, bg: Reset, underline: Reset, modifier: NONE,
        x: 19, y: 0, fg: Green, bg: Reset, underline: Reset, modifier: NONE,
        x: 21, y: 0, fg: Reset, bg: Reset, underline: Reset, modifier: NONE,
        x: 22, y: 0, fg: Red, bg: Reset, underline: Reset, modifier: NONE,
        x: 24, y: 0, fg: Reset, bg: Reset, underline: Reset, modifier: NONE,
        x: 4, y: 1, fg: Reset, bg: Reset, underline: Reset, modifier: DIM,
        x: 6, y: 1, fg: Reset, bg: Reset, underline: Reset, modifier: NONE,
        x: 7, y: 1, fg: Rgb(136, 57, 239), bg: Reset, underline: Reset, modifier: NONE,
        x: 10, y: 1, fg: Rgb(76, 79, 105), bg: Reset, underline: Reset, modifier: NONE,
        x: 11, y: 1, fg: Rgb(30, 102, 245), bg: Reset, underline: Reset, modifier: NONE,
        x: 16, y: 1, fg: Rgb(124, 127, 147), bg: Reset, underline: Reset, modifier: NONE,
        x: 17, y: 1, fg: Rgb(230, 69, 83), bg: Reset, underline: Reset, modifier: NONE,
        x: 21, y: 1, fg: Rgb(124, 127, 147), bg: Reset, underline: Reset, modifier: NONE,
        x: 23, y: 1, fg: Reset, bg: Reset, underline: Reset, modifier: NONE,
        x: 0, y: 2, fg: Reset, bg: Rgb(255, 235, 233), underline: Reset, modifier: NONE,
        x: 4, y: 2, fg: Rgb(31, 35, 40), bg: Rgb(255, 206, 203), underline: Reset, modifier: NONE,
        x: 6, y: 2, fg: Red, bg: Rgb(255, 235, 233), underline: Reset, modifier: NONE,
        x: 7, y: 2, fg: Rgb(76, 79, 105), bg: Rgb(255, 235, 233), underline: Reset, modifier: DIM,
        x: 11, y: 2, fg: Rgb(254, 100, 11), bg: Rgb(255, 235, 233), underline: Reset, modifier: DIM,
        x: 16, y: 2, fg: Rgb(124, 127, 147), bg: Rgb(255, 235, 233), underline: Reset, modifier: DIM,
        x: 17, y: 2, fg: Rgb(64, 160, 43), bg: Rgb(255, 235, 233), underline: Reset, modifier: DIM,
        x: 22, y: 2, fg: Rgb(76, 79, 105), bg: Rgb(255, 235, 233), underline: Reset, modifier: DIM,
        x: 23, y: 2, fg: Rgb(23, 146, 153), bg: Rgb(255, 235, 233), underline: Reset, modifier: DIM,
        x: 24, y: 2, fg: Rgb(76, 79, 105), bg: Rgb(255, 235, 233), underline: Reset, modifier: DIM,
        x: 29, y: 2, fg: Rgb(124, 127, 147), bg: Rgb(255, 235, 233), underline: Reset, modifier: DIM,
        x: 30, y: 2, fg: Reset, bg: Reset, underline: Reset, modifier: NONE,
        x: 0, y: 3, fg: Reset, bg: Rgb(218, 251, 225), underline: Reset, modifier: NONE,
        x: 4, y: 3, fg: Rgb(31, 35, 40), bg: Rgb(172, 238, 187), underline: Reset, modifier: NONE,
        x: 6, y: 3, fg: Green, bg: Rgb(218, 251, 225), underline: Reset, modifier: NONE,
        x: 7, y: 3, fg: Rgb(76, 79, 105), bg: Rgb(218, 251, 225), underline: Reset, modifier: NONE,
        x: 11, y: 3, fg: Rgb(254, 100, 11), bg: Rgb(218, 251, 225), underline: Reset, modifier: NONE,
        x: 16, y: 3, fg: Rgb(124, 127, 147), bg: Rgb(218, 251, 225), underline: Reset, modifier: NONE,
        x: 17, y: 3, fg: Rgb(64, 160, 43), bg: Rgb(218, 251, 225), underline: Reset, modifier: NONE,
        x: 22, y: 3, fg: Rgb(124, 127, 147), bg: Rgb(218, 251, 225), underline: Reset, modifier: NONE,
        x: 23, y: 3, fg: Rgb(76, 79, 105), bg: Rgb(218, 251, 225), underline: Reset, modifier: NONE,
        x: 27, y: 3, fg: Rgb(124, 127, 147), bg: Rgb(218, 251, 225), underline: Reset, modifier: NONE,
        x: 28, y: 3, fg: Rgb(64, 160, 43), bg: Rgb(218, 251, 225), underline: Reset, modifier: NONE,
        x: 30, y: 3, fg: Rgb(124, 127, 147), bg: Rgb(218, 251, 225), underline: Reset, modifier: NONE,
        x: 31, y: 3, fg: Reset, bg: Reset, underline: Reset, modifier: NONE,
    ]
}
