---
source: tui/src/oss_selection.rs
expression: "render(&widget, Rect::new(0, 0, 40, 2))"
---
Buffer {
    area: Rect { x: 0, y: 0, width: 40, height: 2 },
    content: [
        "   1. LM Studio   › 2. Ollama           ",
        " Local Ollama server (Responses API, de ",
    ],
    styles: [
        x: 0, y: 0, fg: Reset, bg: Reset, underline: Reset, modifier: NONE,
        x: 6, y: 0, fg: Reset, bg: Reset, underline: Reset, modifier: UNDERLINED,
        x: 7, y: 0, fg: Reset, bg: Reset, underline: Reset, modifier: NONE,
        x: 17, y: 0, fg: Magenta, bg: Reset, underline: Reset, modifier: BOLD | UNDERLINED,
        x: 30, y: 0, fg: Reset, bg: Reset, underline: Reset, modifier: NONE,
        x: 1, y: 1, fg: Reset, bg: Reset, underline: Reset, modifier: DIM | ITALIC,
        x: 39, y: 1, fg: Reset, bg: Reset, underline: Reset, modifier: NONE,
    ]
}
