---
source: tui/src/app/agents_overview_tests.rs
expression: "render_bottom_popup(&app.chat_widget,\n96).replace(&format!(\"{project}  2\"),\n&normalized_project_group).replace(&project, \"/tmp/project\")"
---
  Agents
  1 awaiting input · 1 working · 0 ready

  /tmp/project  2                                     │ Build the dashboard
  › ! Build the dashboard · current · Needs input     │ ! Needs input · current session
    ● Repair authentication · Working                 │ Project  /tmp/project
                                                      │
                                                      │
                                                      │
                                                      │
                                                      │
                                                      │
                                                      │
                                                      │
                                                      │
                                                      │
                                                      │
                                                      │
                                                      │
                                                      │
                                                      │
                                                      │
  New task › Describe a task and press enter to dispatch it
  enter open · esc back · ↑↓ navigate · ctrl+f search · ctrl+s group · ctrl+r rename
