---
source: tui/src/startup_draft_tests.rs
expression: "snapshots.join(\"\\n---\\n\")"
---
empty (48 columns):
  >_ OpenAI Codex v<VERSION>
  Model loading…  /model to change
  Workspace loading…
  guarded access  /permissions to review

────────────────────────────────────────────────
│›
────────────────────────────────────────────────
  ? shortcuts
---
resuming (48 columns):
  >_ OpenAI Codex v<VERSION>
  Model loading…  /model to change
  Workspace loading…
  guarded access  /permissions to review
  Resuming session…
────────────────────────────────────────────────
│›
────────────────────────────────────────────────
  ? shortcuts
---
forking (48 columns):
  >_ OpenAI Codex v<VERSION>
  Model loading…  /model to change
  Workspace loading…
  guarded access  /permissions to review
  Forking session…
────────────────────────────────────────────────
│› draft while loading
────────────────────────────────────────────────

---
multiline (48 columns):
  >_ OpenAI Codex v<VERSION>
  Model loading…  /model to change
  Workspace loading…
  guarded access  /permissions to review

────────────────────────────────────────────────
│› first startup line
│  second startup line
────────────────────────────────────────────────

---
narrow (18 columns):
  >_ OpenAI Codex…
  /model · loading
  cwd · loading
  /permissions

──────────────────
│› first startup
│  line
│  second startup
│  line
──────────────────
