---
source: tui/src/startup_draft_tests.rs
expression: frames
---
before onboarding: hidden (0x0 viewport)
---
after onboarding:


  >_ Codex v<VERSION>

  Getting ready…






  ╭──────────────────────────────────────────────────────────────────────────╮
  ┃ › Type a draft while Codex gets ready…                                   │
  ╰──────────────────────────────────────────────────────────────────────────╯
    ? shortcuts
