---
source: tui/src/status_indicator_widget.rs
assertion_line: 952
expression: "frames.join(\"\\n\")"
---
120 columns:
"✦ Working · existing details · checking 日本語 ｶﾞﾊﾟ policy                                              0s · Esc interr…" Hidden by multi-width symbols: [(41, " "), (43, " "), (45, " "), (48, " "), (50, " ")]

60 columns:
"✦ Working · existing details              0s · Esc interrupt"
"  └ checking 日本語 ｶﾞﾊﾟ policy                             " Hidden by multi-width symbols: [(14, " "), (16, " "), (18, " "), (21, " "), (23, " ")]

24 columns:
"✦ Working       Esc stop"
"  ├ checking 日本語 ｶﾞ… " Hidden by multi-width symbols: [(14, " "), (16, " "), (18, " "), (21, " ")]
"  └ existing details    "

120 columns:
"✦ Working · existing details · checking 日本語 ｶﾞﾊﾟ policy                                              0s · Esc interr…" Hidden by multi-width symbols: [(41, " "), (43, " "), (45, " "), (48, " "), (50, " ")]
