---
source: tui/src/update_prompt.rs
assertion_line: 300
expression: "render_prompt(&screen, 80, 12)"
---

  Update available v0.153.4 -> v9.9.9

  View release notes

› 1. Update now                                                                 
     Runs npm to install the latest release.
  2. Not now
  3. Don't remind me about this version

  enter select · esc skip
