---
source: tui/src/diff_render.rs
expression: terminal.backend()
---
"• Edited 2 files (+2 -1)                                                        "
"  ├ M a.txt (+1 -1)                                                             "
"  └ A b.txt (+1 -0)                                                             "
"                                                                                "
"                                                                                "
