---
source: tui/src/startup_draft_visual_tests.rs
expression: "sanitize_codex_version(&format!(\"{buffer:?}\"))"
---
Buffer {
    area: Rect { x: 0, y: 0, width: 120, height: 36 },
    content: [
        "                                                                                                                        ",
        "                                                                                                                        ",
        "                                                                                                                        ",
        "                                                                                                                        ",
        "                                                                                                                        ",
        "                                                                                                                        ",
        "                                                                                                                        ",
        "                                                                                                                        ",
        "                                                                                                                        ",
        "                >_ Codex v0.0.0                                                                                       ",
        "                Preparing your workspace…                                                                               ",
        "                Workspace loading…                                                                                      ",
        "                Guarded access                                                                                          ",
        "                                                                                                                        ",
        "                                                                                                                        ",
        "                                                                                                                        ",
        "                ╭──────────────────────────────────────────────────────────────────────────────────────╮                ",
        "                │ › Type a draft while Codex gets ready…                                               │                ",
        "                ╰──────────────────────────────────────────────────────────────────────────────────────╯                ",
        "                  ? shortcuts                                                                                           ",
        "                                                                                                                        ",
        "                                                                                                                        ",
        "                                                                                                                        ",
        "                                                                                                                        ",
        "                                                                                                                        ",
        "                                                                                                                        ",
        "                                                                                                                        ",
        "                                                                                                                        ",
        "                                                                                                                        ",
        "                                                                                                                        ",
        "                                                                                                                        ",
        "                                                                                                                        ",
        "                                                                                                                        ",
        "                                                                                                                        ",
        "                                                                                                                        ",
        "                                                                                                                        ",
    ],
    styles: [
        x: 0, y: 0, fg: Reset, bg: Reset, underline: Reset, modifier: NONE,
        x: 16, y: 9, fg: Rgb(132, 0, 120), bg: Reset, underline: Reset, modifier: BOLD,
        x: 19, y: 9, fg: Reset, bg: Reset, underline: Reset, modifier: BOLD,
        x: 24, y: 9, fg: Rgb(100, 99, 99), bg: Reset, underline: Reset, modifier: NONE,
        x: 33, y: 9, fg: Reset, bg: Reset, underline: Reset, modifier: NONE,
        x: 26, y: 11, fg: Rgb(100, 99, 99), bg: Reset, underline: Reset, modifier: NONE,
        x: 34, y: 11, fg: Reset, bg: Reset, underline: Reset, modifier: NONE,
        x: 16, y: 16, fg: Rgb(207, 206, 204), bg: Reset, underline: Reset, modifier: NONE,
        x: 104, y: 16, fg: Reset, bg: Reset, underline: Reset, modifier: NONE,
        x: 16, y: 17, fg: Rgb(207, 206, 204), bg: Reset, underline: Reset, modifier: NONE,
        x: 17, y: 17, fg: Reset, bg: Rgb(238, 237, 234), underline: Reset, modifier: NONE,
        x: 18, y: 17, fg: Rgb(132, 0, 120), bg: Rgb(238, 237, 234), underline: Reset, modifier: BOLD,
        x: 19, y: 17, fg: Reset, bg: Rgb(238, 237, 234), underline: Reset, modifier: NONE,
        x: 20, y: 17, fg: Rgb(100, 99, 99), bg: Rgb(238, 237, 234), underline: Reset, modifier: NONE,
        x: 56, y: 17, fg: Reset, bg: Rgb(238, 237, 234), underline: Reset, modifier: NONE,
        x: 103, y: 17, fg: Rgb(207, 206, 204), bg: Reset, underline: Reset, modifier: NONE,
        x: 104, y: 17, fg: Reset, bg: Reset, underline: Reset, modifier: NONE,
        x: 16, y: 18, fg: Rgb(207, 206, 204), bg: Reset, underline: Reset, modifier: NONE,
        x: 104, y: 18, fg: Reset, bg: Reset, underline: Reset, modifier: NONE,
        x: 18, y: 19, fg: Reset, bg: Reset, underline: Reset, modifier: BOLD,
        x: 19, y: 19, fg: Reset, bg: Reset, underline: Reset, modifier: DIM,
        x: 29, y: 19, fg: Reset, bg: Reset, underline: Reset, modifier: NONE,
    ]
}
