---
source: tui/src/chatwidget/tests/visual_review.rs
expression: normalize_snapshot_paths(text)
---

  >_ Codex

  What would you like to build?
  A question, an idea, a task. Start anywhere.

  Guarded access · /permissions

  ╭ Message ───────────────────── enter send ╮
  │ › Ask Codex to do anything               │
  ╰ / commands · @ files ────────────────────╯
    GPT 5.6 Sol · Default reasoning · C:\work…



    /plan    Shape an idea
    /review  Review changes
    /resume  Pick up a thread
