---
source: tui/src/chatwidget/tests/luna_reserve_usage_tests.rs
expression: rendered
---
╭──────────────────────────────────────────────────────────────────────────────╮
┃ ›                                                                            │
╰──────────────────────────────────────────────────────────────────────────────╯
  Luna Reserve · Default · /tmp/project
