---
source: tui/src/app/tests/permission_shortcuts_tests.rs
expression: "lines_to_single_string(&cell.display_lines(120)).replace(&thread_id.to_string(),\n\"<THREAD_ID>\")"
---
■ Failed to update permissions: thread/settings/update failed in TUI: thread/settings/update failed: thread not found:
│ <THREAD_ID> (code -32600)
