---
source: tui/src/bottom_pane/chat_composer/chrome_tests.rs
expression: "format!(\"{buffer:?}\")"
---
Buffer {
    area: Rect { x: 0, y: 0, width: 80, height: 6 },
    content: [
        "╭ Read-only ───────────────────────────────────────────────────────────────────╮",
        "│ › Review the retry fix.                                                      │",
        "│                                                                              │",
        "│                                                                              │",
        "╰──────────────────────────────────────────────────────────────────────────────╯",
        "                                                             100% context left  ",
    ],
    styles: [
        x: 0, y: 0, fg: Rgb(207, 206, 204), bg: Reset, underline: Reset, modifier: NONE,
        x: 1, y: 0, fg: Rgb(100, 99, 99), bg: Reset, underline: Reset, modifier: NONE,
        x: 12, y: 0, fg: Rgb(207, 206, 204), bg: Reset, underline: Reset, modifier: NONE,
        x: 1, y: 1, fg: Rgb(100, 99, 99), bg: Reset, underline: Reset, modifier: NONE,
        x: 2, y: 1, fg: Rgb(100, 99, 99), bg: Reset, underline: Reset, modifier: DIM,
        x: 3, y: 1, fg: Rgb(100, 99, 99), bg: Reset, underline: Reset, modifier: NONE,
        x: 79, y: 1, fg: Rgb(207, 206, 204), bg: Reset, underline: Reset, modifier: NONE,
        x: 1, y: 2, fg: Rgb(100, 99, 99), bg: Reset, underline: Reset, modifier: NONE,
        x: 79, y: 2, fg: Rgb(207, 206, 204), bg: Reset, underline: Reset, modifier: NONE,
        x: 1, y: 3, fg: Rgb(100, 99, 99), bg: Reset, underline: Reset, modifier: NONE,
        x: 79, y: 3, fg: Rgb(207, 206, 204), bg: Reset, underline: Reset, modifier: NONE,
        x: 0, y: 5, fg: Reset, bg: Reset, underline: Reset, modifier: NONE,
        x: 61, y: 5, fg: Reset, bg: Reset, underline: Reset, modifier: DIM,
        x: 78, y: 5, fg: Reset, bg: Reset, underline: Reset, modifier: NONE,
    ]
}
