---
source: tui/src/exec_cell/roster_tests.rs
expression: presentations
---
[
    (
        Active,
        [
            Line::from_iter([
                Span::from("•"),
                Span::from(" "),
                Span::from("Running 1 command").bold(),
            ]),
            Line::from_iter([
                Span::from("  └ ").cyan(),
                Span::from("just test -p atlas-client"),
            ]),
            Line::from_iter([
                Span::from("    ").dim(),
                Span::from("stderr: verification").red().dim(),
            ]),
        ],
    ),
    (
        Succeeded,
        [
            Line::from_iter([
                Span::from("•").dim(),
                Span::from(" "),
                Span::from("Ran 1 command").bold(),
            ]),
            Line::from_iter([
                Span::from("  └ ").green(),
                Span::from("just test -p atlas-client"),
            ]),
            Line::from_iter([
                Span::from("    ").not_dim(),
                Span::from("stderr: verification").red().not_dim(),
            ]),
        ],
    ),
    (
        Failed,
        [
            Line::from_iter([
                Span::from("•").red().bold(),
                Span::from(" "),
                Span::from("Ran 1 command").bold(),
                Span::from(" · ").dim(),
                Span::from("1 failed").red(),
            ]),
            Line::from_iter([
                Span::from("  └ ").red(),
                Span::from("just test -p atlas-client"),
            ]),
            Line::from_iter([
                Span::from("    ").not_dim(),
                Span::from("Error: ").red().not_dim(),
                Span::from("stderr: verification").red().not_dim(),
            ]),
        ],
    ),
]
