---
source: tui/src/exec_cell/roster_tests.rs
expression: responsive
---
[
    (
        24,
        [
            "• Running 3 of 12 comma…",
            "  ├ curl https://exampl…",
            "  ├ printf done-one",
            "  ├ Get-Content C:\\工作…",
            "  ├ printf running-three",
            "  ├ python scripts/chec…",
            "  ├ printf done-five",
            "  ├ printf failed-six",
            "  ├ printf done-seven",
            "  ├ printf failed-eight",
            "  ├ printf running-nine",
            "  ├ printf done-ten",
            "  └ current-selected-co…",
            "    Error: stderr: fail…",
        ],
    ),
    (
        40,
        [
            "• Running 3 of 12 commands · 5 failed",
            "  ├ curl https://example.test/api/v1/pr…",
            "  ├ printf done-one",
            "  ├ Get-Content C:\\工作区\\项目\\非常长的…",
            "  ├ printf running-three",
            "  ├ python scripts/check.py --workspace…",
            "  ├ printf done-five",
            "  ├ printf failed-six",
            "  ├ printf done-seven",
            "  ├ printf failed-eight",
            "  ├ printf running-nine",
            "  ├ printf done-ten",
            "  └ current-selected-command cargo test…",
            "    Error: stderr: failed-eight",
        ],
    ),
    (
        80,
        [
            "• Running 3 of 12 commands · 5 failed",
            "  ├ curl https://example.test/api/v1/projects/alpha/releases/2026/artifacts/rep…",
            "  ├ printf done-one",
            "  ├ Get-Content C:\\工作区\\项目\\非常长的目录\\诊断.log",
            "  ├ printf running-three",
            "  ├ python scripts/check.py --workspace a-very-long-workspace-name --mode exhau…",
            "  ├ printf done-five",
            "  ├ printf failed-six",
            "  ├ printf done-seven",
            "  ├ printf failed-eight",
            "  ├ printf running-nine",
            "  ├ printf done-ten",
            "  └ current-selected-command cargo test -p codex-tui exec_cell::render",
            "    Error: stderr: failed-eight",
        ],
    ),
    (
        120,
        [
            "• Running 3 of 12 commands · 5 failed",
            "  ├ curl https://example.test/api/v1/projects/alpha/releases/2026/artifacts/report.json",
            "  ├ printf done-one",
            "  ├ Get-Content C:\\工作区\\项目\\非常长的目录\\诊断.log",
            "  ├ printf running-three",
            "  ├ python scripts/check.py --workspace a-very-long-workspace-name --mode exhaustive",
            "  ├ printf done-five",
            "  ├ printf failed-six",
            "  ├ printf done-seven",
            "  ├ printf failed-eight",
            "  ├ printf running-nine",
            "  ├ printf done-ten",
            "  └ current-selected-command cargo test -p codex-tui exec_cell::render",
            "    Error: stderr: failed-eight",
        ],
    ),
]
