---
source: tui/src/bottom_pane/chat_composer.rs
expression: terminal.backend()
---
"────────────────────────────────────────────────────────────────────────────────────────────────────"
"│› $figma                                                                                           "
"│                                                                                                   "
"│                                                                                                   "
"│                                                                                                   "
"│                                                                                                   "
"│                                                                                                   "
"────────────────────────────────────────────────────────────────────────────────────────────────────"
"                                                                                 Context 100% left  "
