---
source: tui/src/bottom_pane/chat_composer.rs
expression: terminal.backend()
---
"────────────────────────────────────────────────────────────────────────────────────────────────────"
"│› $old  word                                                                                       "
"│                                                                                                   "
"│                                                                                                   "
"│                                                                                                   "
"│                                                                                                   "
"│                                                                                                   "
"────────────────────────────────────────────────────────────────────────────────────────────────────"
"                                                                                 Context 100% left  "
