---
source: tui/src/bottom_pane/chat_composer.rs
expression: terminal.backend()
---
"╭──────────────────────────────────────╮"
"┃ ›                                    │"
"┃                                      │"
"┃                                      │"
"┃                                      │"
"┃                                      │"
"┃                                      │"
"╰ ctrl + t transcript ─────────────────╯"
"       100% context left · Vim: Insert  "
