---
source: tui/src/bottom_pane/chat_composer.rs
expression: terminal.backend()
---
"────────────────────────────────────────────────────────────────────────────────────────────────────"
"│›                                                                                                  "
"│                                                                                                   "
"│                                                                                                   "
"│                                                                                                   "
"│                                                                                                   "
"│                                                                                                   "
"────────────────────────────────────────────────────────────────────────────────────────────────────"
"  gpt-5.4 high fast · ~/code/codex-1 · Context used 0%                                              "
