---
source: tui/src/bottom_pane/chat_composer.rs
expression: terminal.backend()
---
"› /side  start a side conversation in an ephemeral fork     "
"╭──────────────────────────────────────────── enter select ╮"
"┃ › /si                                                    │"
"┃                                                          │"
"╰ ↑↓ navigate · esc close ─────────────────────────────────╯"
