---
source: tui/src/bottom_pane/pending_input_preview.rs
expression: "format!(\"{buf:?}\")"
---
Buffer {
    area: Rect { x: 0, y: 0, width: 52, height: 6 },
    content: [
        "• 1 retry · 2 steers · 1 queued                     ",
        "  ! Retry: Rejected steer that will be retried.     ",
        "  ↳ Steer: Please continue.                         ",
        "  ↳ Steer: Check the last command output.           ",
        "  + Queued: Queued follow-up question               ",
        "  esc steers · ⌥ + ↑ edit latest queued             ",
    ],
    styles: [
        x: 0, y: 0, fg: Reset, bg: Reset, underline: Reset, modifier: DIM,
        x: 2, y: 0, fg: Red, bg: Reset, underline: Reset, modifier: NONE,
        x: 9, y: 0, fg: Reset, bg: Reset, underline: Reset, modifier: DIM,
        x: 12, y: 0, fg: Cyan, bg: Reset, underline: Reset, modifier: NONE,
        x: 20, y: 0, fg: Reset, bg: Reset, underline: Reset, modifier: DIM,
        x: 23, y: 0, fg: Reset, bg: Reset, underline: Reset, modifier: NONE,
        x: 0, y: 1, fg: Red, bg: Reset, underline: Reset, modifier: NONE,
        x: 11, y: 1, fg: Reset, bg: Reset, underline: Reset, modifier: DIM,
        x: 47, y: 1, fg: Reset, bg: Reset, underline: Reset, modifier: NONE,
        x: 0, y: 2, fg: Cyan, bg: Reset, underline: Reset, modifier: NONE,
        x: 11, y: 2, fg: Reset, bg: Reset, underline: Reset, modifier: DIM,
        x: 27, y: 2, fg: Reset, bg: Reset, underline: Reset, modifier: NONE,
        x: 0, y: 3, fg: Cyan, bg: Reset, underline: Reset, modifier: NONE,
        x: 11, y: 3, fg: Reset, bg: Reset, underline: Reset, modifier: DIM,
        x: 41, y: 3, fg: Reset, bg: Reset, underline: Reset, modifier: NONE,
        x: 0, y: 4, fg: Reset, bg: Reset, underline: Reset, modifier: DIM,
        x: 12, y: 4, fg: Reset, bg: Reset, underline: Reset, modifier: DIM | ITALIC,
        x: 37, y: 4, fg: Reset, bg: Reset, underline: Reset, modifier: NONE,
        x: 2, y: 5, fg: Reset, bg: Reset, underline: Reset, modifier: DIM,
        x: 39, y: 5, fg: Reset, bg: Reset, underline: Reset, modifier: NONE,
    ]
}
