---
source: tui/src/bottom_pane/chat_composer.rs
expression: terminal.backend()
---
"╭───────────────────────────────────── tab queue ╮"
"┃ › Test                                         │"
"┃                                                │"
"┃                                                │"
"┃                                                │"
"┃                                                │"
"┃                                                │"
"╰ ctrl + t transcript ───────────────────────────╯"
"  Tab queue · Plan mode         98% context left  "
