---
source: tui/src/bottom_pane/mod.rs
expression: "render_snapshot(&pane, area)"
---
✦ Working                     0s · Esc interrupt
  └ First detail line                           
    Second detail line                          
                                                
• 1 queued · ⌥ + ↑ edit latest queued           
  Latest: Queued follow-up question             
╭─────────────────────────────────── tab queue ╮
┃ ›                                            │
╰ ctrl + t transcript ─────────────────────────╯
  ? shortcuts                100% context left
