---
source: tui/src/bottom_pane/status_line_layout_tests.rs
expression: "snapshots.join(\"\\n\")"
---
46: GPT 5.6 Sol · High… · atlas · renaming... ◐
47: GPT 5.6 Sol · High… · atlas · renaming... ◐
48: GPT 5.6 Sol · High… · atlas · renaming... ◐
78: GPT 5.6 Sol · High reasoning · …\Local\Temp\review\atlas · renaming... ◐
118: GPT 5.6 Sol · High reasoning · …\Local\Temp\review\atlas · renaming... ◐
