---
source: tui/src/bottom_pane/chat_composer.rs
expression: terminal.backend()
---
"──────────────────────────"
"│›                        "
"│                         "
"│                         "
"│                         "
"│                         "
"│                         "
"──────────────────────────"
"       Context 100% left  "
