---
source: tui/src/bottom_pane/chat_composer.rs
expression: terminal.backend()
---
"────────────────────────────────────────────────────────────"
"│»                                                          "
"│                                                           "
"│                                                           "
"│                                                           "
"│                                                           "
"│                                                           "
"────────────────────────────────────────────────────────────"
"  ? shortcuts                            100% context left  "
