---
source: tui/src/bottom_pane/chat_composer.rs
expression: terminal.backend()
---
"────────────────────────────────────────────────────────────"
"│›Ask Codex to do anything                                  "
"│                                                           "
"│                                                           "
"│                                                           "
"│                                                           "
"│                                                           "
"│                                                           "
"  ? shortcuts · Plan mode (Shift+Tab cycle)   Context 100%  "
