---
source: tui/src/bottom_pane/chat_composer.rs
expression: terminal.backend()
---
"╭──────────────────────────────────────────╮"
"┃ ›                                        │"
"┃                                          │"
"┃                                          │"
"┃                                          │"
"┃                                          │"
"┃                                          │"
"╰ ctrl + t transcript ─────────────────────╯"
"  Plan mode (Shift+Tab cycle)               "
