---
source: tui/src/bottom_pane/chat_composer.rs
expression: terminal.backend()
---
"────────────────────────────────────────────────────────────────────────────────────────────────────"
"│› ab                                                                                               "
"│                                                                                                   "
"│                                                                                                   "
"│                                                                                                   "
"│                                                                                                   "
"│                                                                                                   "
"│                                                                                                   "
"                                                                                 Context 100% left  "
