---
source: tui/src/bottom_pane/mod.rs
assertion_line: 2210
expression: "render_snapshot(&pane, area)"
---
                                            
  Usage limit reached                       
  Your included usage is depleted.          
  Choose an action to continue.             
› 1. Open usage settings                    
  2. View usage                             
  3. Extra action                           
                                            
  ↵ ok · esc back                           
────────────────────────────────────────────
│›                                          
────────────────────────────────────────────
  ? shortcuts            100% context left
