---
source: tui/src/bottom_pane/chat_composer.rs
expression: terminal.backend()
---
"────────────────────────────────────────────────────────────"
"│›                                                          "
"│                                                           "
"│                                                           "
"│                                                           "
"│                                                           "
"│                                                           "
"────────────────────────────────────────────────────────────"
"  Plan mode (Shift+Tab cycle)            Context 100% left  "
