---
source: tui/src/bottom_pane/mod.rs
expression: "render_snapshot(&pane, area)"
---
✦ Working                     0s · Esc interrupt
  └ First detail line                           
    Second detail line                          
                                                
• 1 queued · ⌥ + ↑ edit latest queued           
  + Queued: Queued follow-up question           
────────────────────────────────────────────────
│›                                              
────────────────────────────────────────────────
  ? shortcuts                100% context left
