---
source: tui/src/bottom_pane/chat_composer.rs
expression: terminal.backend()
---
"╭───────────────── tab queue ╮"
"┃ › Test                     │"
"┃                            │"
"┃                            │"
"┃                            │"
"┃                            │"
"┃                            │"
"╰────────────────────────────╯"
"  Tab queue 98% context left  "
