---
source: tui/src/bottom_pane/pending_input_preview.rs
expression: "format!(\"{buf:?}\")"
---
Buffer {
    area: Rect { x: 0, y: 0, width: 40, height: 5 },
    content: [
        "• 4 queued · ⌥ + ↑ edit latest queued   ",
        "  + Queued: Hello, world!               ",
        "  + Queued: This is another message     ",
        "  + Queued: This is a third message     ",
        "  + Queued: This is a fourth message    ",
    ],
    styles: [
        x: 0, y: 0, fg: Reset, bg: Reset, underline: Reset, modifier: DIM,
        x: 2, y: 0, fg: Reset, bg: Reset, underline: Reset, modifier: NONE,
        x: 10, y: 0, fg: Reset, bg: Reset, underline: Reset, modifier: DIM,
        x: 13, y: 0, fg: Reset, bg: Reset, underline: Reset, modifier: BOLD,
        x: 18, y: 0, fg: Reset, bg: Reset, underline: Reset, modifier: DIM,
        x: 37, y: 0, fg: Reset, bg: Reset, underline: Reset, modifier: NONE,
        x: 0, y: 1, fg: Reset, bg: Reset, underline: Reset, modifier: DIM,
        x: 12, y: 1, fg: Reset, bg: Reset, underline: Reset, modifier: DIM | ITALIC,
        x: 25, y: 1, fg: Reset, bg: Reset, underline: Reset, modifier: NONE,
        x: 0, y: 2, fg: Reset, bg: Reset, underline: Reset, modifier: DIM,
        x: 12, y: 2, fg: Reset, bg: Reset, underline: Reset, modifier: DIM | ITALIC,
        x: 35, y: 2, fg: Reset, bg: Reset, underline: Reset, modifier: NONE,
        x: 0, y: 3, fg: Reset, bg: Reset, underline: Reset, modifier: DIM,
        x: 12, y: 3, fg: Reset, bg: Reset, underline: Reset, modifier: DIM | ITALIC,
        x: 35, y: 3, fg: Reset, bg: Reset, underline: Reset, modifier: NONE,
        x: 0, y: 4, fg: Reset, bg: Reset, underline: Reset, modifier: DIM,
        x: 12, y: 4, fg: Reset, bg: Reset, underline: Reset, modifier: DIM | ITALIC,
        x: 36, y: 4, fg: Reset, bg: Reset, underline: Reset, modifier: NONE,
    ]
}
