---
source: tui/src/bottom_pane/chat_composer.rs
assertion_line: 5500
expression: terminal.backend()
---
"────────────────────────────────────────────────────────────────────────────────"
"│›                                                                              "
"│                                                                               "
"│                                                                               "
"│                                                                               "
"│                                                                               "
"│                                                                               "
"────────────────────────────────────────────────────────────────────────────────"
"  ← for agents · ? shortcuts                                 100% context left  "
