---
source: tui/src/bottom_pane/chat_composer.rs
expression: terminal.backend()
---
"────────────────────────────────────────────────────────────────────────────────────────────────────"
"│› a b                                                                                              "
"│                                                                                                   "
"│                                                                                                   "
"│                                                                                                   "
"│                                                                                                   "
"│                                                                                                   "
"│                                                                                                   "
"                                                                                      Context 100%  "
