---
source: tui/src/bottom_pane/chat_composer.rs
assertion_line: 5500
expression: terminal.backend()
---
"› /diff  show git diff (including untracked files)                                                  "
"────────────────────────────────────────────────────────────────────────────────────────────────────"
"│› /dide tail                                                                                       "
"│                                                                                                   "
"│                                                                                                   "
"│                                                                                                   "
"│                                                                                                   "
"│                                                                                                   "
"────────────────────────────────────────────────────────────────────────────────────────────────────"
