---
source: tui/src/chatwidget/tests/status_and_layout.rs
assertion_line: 5548
expression: "hook_status_and_history_snapshot(&chat, \"restarted\", &history)"
---
restarted
activity:
"                                                                                "
"• Checking stop condition                                                       "
"                                                                                "
"────────────────────────────────────────────────────────────────────────────────"
"│›                                                                              "
"────────────────────────────────────────────────────────────────────────────────"
"  GPT 5.6 Sol Default · /tmp/project                                            "
history:
• Hook stopped
  └ continue with more context
