---
source: tui/src/chatwidget/tests/status_and_layout.rs
expression: normalize_snapshot_paths(terminal.backend().vt100().screen().contents())
---
› count to 1

• 1

✦ Finishing           0s · Esc interrupt

╭─────────────────────────── tab queue ╮
┃ ›                                    │
╰ ctrl + t transcript ─────────────────╯
  GPT 5 · Default · /tmp/project
