---
source: tui/src/chatwidget/tests/permissions.rs
assertion_line: 733
expression: "setup.replace(&chat.config.cwd.display().to_string(), \"[CWD]\")"
---
✦ Setting up sandbox... · Hang tight, this may take a few minutes             0s

────────────────────────────────────────────────────────────────────────────────
│› Input disabled until setup completes.
────────────────────────────────────────────────────────────────────────────────
  GPT 5.6 Sol Default · [CWD]
