---
source: tui/src/chatwidget/tests/popups_and_settings.rs
expression: snapshots
---
width 80:
  Select model
  Choose a model; effort follows.

  1. gpt-6-astra (default)  Our most capable model for complex, demanding wor…
  2. gpt-5.6-sol            Latest frontier agentic coding model.
  3. gpt-5.6-terra          Balanced agentic coding model for everyday work.
  4. gpt-5.6-luna           Fast and affordable agentic coding model.
  5. gpt-5.5                Frontier model for complex coding, research, and …
› 6. gpt-5.2 ✓              Optimized for professional work and long-running …

  enter confirm · esc back

width 96:
  Select model
  Choose a model; effort follows.

  1. gpt-6-astra (default)  Our most capable model for complex, demanding work.
  2. gpt-5.6-sol            Latest frontier agentic coding model.
  3. gpt-5.6-terra          Balanced agentic coding model for everyday work.
  4. gpt-5.6-luna           Fast and affordable agentic coding model.
  5. gpt-5.5                Frontier model for complex coding, research, and real-world work.
› 6. gpt-5.2 ✓              Optimized for professional work and long-running agents.

  enter confirm · esc back

width 120:
  Select model
  Choose a model; effort follows.

  1. gpt-6-astra (default)  Our most capable model for complex, demanding work.
  2. gpt-5.6-sol            Latest frontier agentic coding model.
  3. gpt-5.6-terra          Balanced agentic coding model for everyday work.
  4. gpt-5.6-luna           Fast and affordable agentic coding model.
  5. gpt-5.5                Frontier model for complex coding, research, and real-world work.
› 6. gpt-5.2 ✓              Optimized for professional work and long-running agents.

  enter confirm · esc back
