---
source: tui/src/chatwidget/tests/app_server.rs
assertion_line: 1810
expression: "normalize_snapshot_paths(format!(\"transcript:\\n{transcript}\\nfooter:\\n{footer}\\ntitle: {title}\"))"
---
transcript:

footer:
────────────────────────────────────────────────────────────────────────────────
│›
────────────────────────────────────────────────────────────────────────────────
  GPT 5.6 Sol Default · /tmp/project · review-fix
title: review-fix | project
