---
source: tui/src/chatwidget/tests/status_and_layout.rs
assertion_line: 4149
expression: "format!(\"before interrupt:\\n{before_interrupt}\\nafter interrupt:\\n{}\",\nhook_status_frame(&chat, 80))"
---
before interrupt:
"                                                                                "
"✦ Working · checking command policy                           0s · Esc interrupt"
"                                                                                "
"────────────────────────────────────────────────────────────────────────────────"
"│›                                                                              "
"────────────────────────────────────────────────────────────────────────────────"
"  GPT 5.6 Sol Default · /tmp/project                                            "
after interrupt:
"                                                                                "
"────────────────────────────────────────────────────────────────────────────────"
"│›                                                                              "
"────────────────────────────────────────────────────────────────────────────────"
"  GPT 5.6 Sol Default · /tmp/project                                            "
