---
source: tui/src/chatwidget/tests/status_and_layout.rs
expression: "format!(\"80 columns:\\n{}\\n120 columns:\\n{}\", hook_status_frame(&chat, 80),\nhook_status_frame(&chat, 120),)"
---
80 columns:
"                                                                                "
"✦ Working · Running hooks                                     0s · Esc interrupt"
"  └ Terminal running · /ps inspect · /stop terminate                            "
"                                                                                "
"────────────────────────────────────────────────────────────────────────────────"
"│›                                                                              "
"────────────────────────────────────────────────────────────────────────────────"
"  GPT 5.6 Sol Default · /tmp/project                                            "
120 columns:
"                                                                                                                        "
"✦ Working · Running hooks                                                                             0s · Esc interrupt"
"  └ Terminal running · /ps inspect · /stop terminate                                                                    "
"                                                                                                                        "
"────────────────────────────────────────────────────────────────────────────────────────────────────────────────────────"
"│›                                                                                                                      "
"────────────────────────────────────────────────────────────────────────────────────────────────────────────────────────"
"  GPT 5.6 Sol Default · /tmp/project                                                                                    "
