---
source: tui/src/chatwidget/tests/status_and_layout.rs
expression: "snapshots.join(\"\\n\\n\")"
---
off:
"                                                                                "
"╭──────────────────────────────────────────────────────────────────────────────╮"
"┃ ›                                                                            │"
"╰──────────────────────────────────────────────────────────────────────────────╯"
"  GPT 5.4 · High                                                                "


on:
"                                                                                "
"╭──────────────────────────────────────────────────────────────────────────────╮"
"┃ ›                                                                            │"
"╰──────────────────────────────────────────────────────────────────────────────╯"
"  GPT 5.4 · High · Fast                                                         "


off again:
"                                                                                "
"╭──────────────────────────────────────────────────────────────────────────────╮"
"┃ ›                                                                            │"
"╰──────────────────────────────────────────────────────────────────────────────╯"
"  GPT 5.4 · High                                                                "
