---
source: tui/src/chatwidget/landing_tests.rs
assertion_line: 22
expression: "frames.join(\"\\n\\n\")"
---
120x36, cursor (43, 19)
Buffer {
    area: Rect { x: 0, y: 0, width: 120, height: 36 },
    content: [
        "                                                                                                                        ",
        "                                                                                                                        ",
        "                                                                                                                        ",
        "                                                                                                                        ",
        "                                                                                                                        ",
        "                                                                                                                        ",
        "                                                                                                                        ",
        "                                                                                                                        ",
        "                                                                                                                        ",
        "                                                                                                                        ",
        "                >_ Codex                                                                                                ",
        "                                                                                                                        ",
        "                What would you like to build?                                                                           ",
        "                A question, an idea, a task. Start anywhere.                                                            ",
        "                                                                                                                        ",
        "                Guarded access · /permissions                                                                           ",
        "                                                                                                                        ",
        "                ╭ Message ───────────────────────────────────────────────────────────────── enter send ╮                ",
        "                │ › Review the changes in 日本語                                                       │                ", // hidden by multi-width symbols: [(43, " "), (45, " "), (47, " ")]
        "                │   Keep this draft intact.                                                            │                ",
        "                ╰ / commands · @ files ────────────────────────────────────────────── ctrl + j newline ╯                ",
        "                  GPT 5.6 Sol · Default reasoning · C:\tmp\project                                                      ",
        "                                                                                                                        ",
        "                  /plan  Shape an idea     /review  Review changes     /resume  Pick up a thread                        ",
        "                                                                                                                        ",
        "                                                                                                                        ",
        "                                                                                                                        ",
        "                                                                                                                        ",
        "                                                                                                                        ",
        "                                                                                                                        ",
        "                                                                                                                        ",
        "                                                                                                                        ",
        "                                                                                                                        ",
        "                                                                                                                        ",
        "                                                                                                                        ",
        "                                                                                                                        ",
    ],
    styles: [
        x: 0, y: 0, fg: Reset, bg: Reset, underline: Reset, modifier: NONE,
        x: 16, y: 10, fg: Reset, bg: Reset, underline: Reset, modifier: BOLD,
        x: 24, y: 10, fg: Reset, bg: Reset, underline: Reset, modifier: NONE,
        x: 16, y: 12, fg: Reset, bg: Reset, underline: Reset, modifier: BOLD,
        x: 45, y: 12, fg: Reset, bg: Reset, underline: Reset, modifier: NONE,
        x: 16, y: 13, fg: Reset, bg: Reset, underline: Reset, modifier: DIM,
        x: 60, y: 13, fg: Reset, bg: Reset, underline: Reset, modifier: NONE,
        x: 30, y: 15, fg: Reset, bg: Reset, underline: Reset, modifier: DIM,
        x: 33, y: 15, fg: Reset, bg: Reset, underline: Reset, modifier: BOLD | UNDERLINED,
        x: 45, y: 15, fg: Reset, bg: Reset, underline: Reset, modifier: NONE,
        x: 16, y: 17, fg: Reset, bg: Reset, underline: Reset, modifier: DIM,
        x: 17, y: 17, fg: Reset, bg: Reset, underline: Reset, modifier: BOLD | DIM,
        x: 26, y: 17, fg: Reset, bg: Reset, underline: Reset, modifier: DIM,
        x: 92, y: 17, fg: Reset, bg: Reset, underline: Reset, modifier: BOLD,
        x: 97, y: 17, fg: Reset, bg: Reset, underline: Reset, modifier: DIM,
        x: 104, y: 17, fg: Reset, bg: Reset, underline: Reset, modifier: NONE,
        x: 16, y: 18, fg: Reset, bg: Reset, underline: Reset, modifier: DIM,
        x: 17, y: 18, fg: Reset, bg: Reset, underline: Reset, modifier: NONE,
        x: 18, y: 18, fg: Reset, bg: Reset, underline: Reset, modifier: BOLD,
        x: 19, y: 18, fg: Reset, bg: Reset, underline: Reset, modifier: NONE,
        x: 103, y: 18, fg: Reset, bg: Reset, underline: Reset, modifier: DIM,
        x: 104, y: 18, fg: Reset, bg: Reset, underline: Reset, modifier: NONE,
        x: 16, y: 19, fg: Reset, bg: Reset, underline: Reset, modifier: DIM,
        x: 17, y: 19, fg: Reset, bg: Reset, underline: Reset, modifier: NONE,
        x: 103, y: 19, fg: Reset, bg: Reset, underline: Reset, modifier: DIM,
        x: 104, y: 19, fg: Reset, bg: Reset, underline: Reset, modifier: NONE,
        x: 16, y: 20, fg: Reset, bg: Reset, underline: Reset, modifier: DIM,
        x: 18, y: 20, fg: Reset, bg: Reset, underline: Reset, modifier: BOLD | DIM,
        x: 19, y: 20, fg: Reset, bg: Reset, underline: Reset, modifier: DIM,
        x: 31, y: 20, fg: Reset, bg: Reset, underline: Reset, modifier: BOLD | DIM,
        x: 32, y: 20, fg: Reset, bg: Reset, underline: Reset, modifier: DIM,
        x: 86, y: 20, fg: Reset, bg: Reset, underline: Reset, modifier: BOLD,
        x: 94, y: 20, fg: Reset, bg: Reset, underline: Reset, modifier: DIM,
        x: 104, y: 20, fg: Reset, bg: Reset, underline: Reset, modifier: NONE,
        x: 18, y: 21, fg: Reset, bg: Reset, underline: Reset, modifier: DIM,
        x: 52, y: 21, fg: Reset, bg: Reset, underline: Reset, modifier: BOLD | DIM,
        x: 66, y: 21, fg: Reset, bg: Reset, underline: Reset, modifier: NONE,
        x: 18, y: 23, fg: Reset, bg: Reset, underline: Reset, modifier: BOLD | UNDERLINED,
        x: 23, y: 23, fg: Reset, bg: Reset, underline: Reset, modifier: DIM,
        x: 43, y: 23, fg: Reset, bg: Reset, underline: Reset, modifier: BOLD | UNDERLINED,
        x: 50, y: 23, fg: Reset, bg: Reset, underline: Reset, modifier: DIM,
        x: 71, y: 23, fg: Reset, bg: Reset, underline: Reset, modifier: BOLD | UNDERLINED,
        x: 78, y: 23, fg: Reset, bg: Reset, underline: Reset, modifier: DIM,
        x: 96, y: 23, fg: Reset, bg: Reset, underline: Reset, modifier: NONE,
    ]
}

48x20, cursor (29, 11)
Buffer {
    area: Rect { x: 0, y: 0, width: 48, height: 20 },
    content: [
        "                                                ",
        "                                                ",
        "  >_ Codex                                      ",
        "                                                ",
        "  What would you like to build?                 ",
        "  A question, an idea, a task. Start anywhere.  ",
        "                                                ",
        "  Guarded access · /permissions                 ",
        "                                                ",
        "  ╭ Message ───────────────────── enter send ╮  ",
        "  │ › Review the changes in 日本語           │  ", // hidden by multi-width symbols: [(29, " "), (31, " "), (33, " ")]
        "  │   Keep this draft intact.                │  ",
        "  ╰ / commands · @ files ────────────────────╯  ",
        "    GPT 5.6 Sol · Default reasoning · C:\tmp\…  ",
        "                                                ",
        "    /plan    Shape an idea                      ",
        "    /review  Review changes                     ",
        "    /resume  Pick up a thread                   ",
        "                                                ",
        "                                                ",
    ],
    styles: [
        x: 0, y: 0, fg: Reset, bg: Reset, underline: Reset, modifier: NONE,
        x: 2, y: 2, fg: Reset, bg: Reset, underline: Reset, modifier: BOLD,
        x: 10, y: 2, fg: Reset, bg: Reset, underline: Reset, modifier: NONE,
        x: 2, y: 4, fg: Reset, bg: Reset, underline: Reset, modifier: BOLD,
        x: 31, y: 4, fg: Reset, bg: Reset, underline: Reset, modifier: NONE,
        x: 2, y: 5, fg: Reset, bg: Reset, underline: Reset, modifier: DIM,
        x: 46, y: 5, fg: Reset, bg: Reset, underline: Reset, modifier: NONE,
        x: 16, y: 7, fg: Reset, bg: Reset, underline: Reset, modifier: DIM,
        x: 19, y: 7, fg: Reset, bg: Reset, underline: Reset, modifier: BOLD | UNDERLINED,
        x: 31, y: 7, fg: Reset, bg: Reset, underline: Reset, modifier: NONE,
        x: 2, y: 9, fg: Reset, bg: Reset, underline: Reset, modifier: DIM,
        x: 3, y: 9, fg: Reset, bg: Reset, underline: Reset, modifier: BOLD | DIM,
        x: 12, y: 9, fg: Reset, bg: Reset, underline: Reset, modifier: DIM,
        x: 34, y: 9, fg: Reset, bg: Reset, underline: Reset, modifier: BOLD,
        x: 39, y: 9, fg: Reset, bg: Reset, underline: Reset, modifier: DIM,
        x: 46, y: 9, fg: Reset, bg: Reset, underline: Reset, modifier: NONE,
        x: 2, y: 10, fg: Reset, bg: Reset, underline: Reset, modifier: DIM,
        x: 3, y: 10, fg: Reset, bg: Reset, underline: Reset, modifier: NONE,
        x: 4, y: 10, fg: Reset, bg: Reset, underline: Reset, modifier: BOLD,
        x: 5, y: 10, fg: Reset, bg: Reset, underline: Reset, modifier: NONE,
        x: 45, y: 10, fg: Reset, bg: Reset, underline: Reset, modifier: DIM,
        x: 46, y: 10, fg: Reset, bg: Reset, underline: Reset, modifier: NONE,
        x: 2, y: 11, fg: Reset, bg: Reset, underline: Reset, modifier: DIM,
        x: 3, y: 11, fg: Reset, bg: Reset, underline: Reset, modifier: NONE,
        x: 45, y: 11, fg: Reset, bg: Reset, underline: Reset, modifier: DIM,
        x: 46, y: 11, fg: Reset, bg: Reset, underline: Reset, modifier: NONE,
        x: 2, y: 12, fg: Reset, bg: Reset, underline: Reset, modifier: DIM,
        x: 4, y: 12, fg: Reset, bg: Reset, underline: Reset, modifier: BOLD | DIM,
        x: 5, y: 12, fg: Reset, bg: Reset, underline: Reset, modifier: DIM,
        x: 17, y: 12, fg: Reset, bg: Reset, underline: Reset, modifier: BOLD | DIM,
        x: 18, y: 12, fg: Reset, bg: Reset, underline: Reset, modifier: DIM,
        x: 46, y: 12, fg: Reset, bg: Reset, underline: Reset, modifier: NONE,
        x: 4, y: 13, fg: Reset, bg: Reset, underline: Reset, modifier: DIM,
        x: 38, y: 13, fg: Reset, bg: Reset, underline: Reset, modifier: BOLD | DIM,
        x: 46, y: 13, fg: Reset, bg: Reset, underline: Reset, modifier: NONE,
        x: 4, y: 15, fg: Reset, bg: Reset, underline: Reset, modifier: BOLD,
        x: 13, y: 15, fg: Reset, bg: Reset, underline: Reset, modifier: DIM,
        x: 26, y: 15, fg: Reset, bg: Reset, underline: Reset, modifier: NONE,
        x: 4, y: 16, fg: Reset, bg: Reset, underline: Reset, modifier: BOLD,
        x: 13, y: 16, fg: Reset, bg: Reset, underline: Reset, modifier: DIM,
        x: 27, y: 16, fg: Reset, bg: Reset, underline: Reset, modifier: NONE,
        x: 4, y: 17, fg: Reset, bg: Reset, underline: Reset, modifier: BOLD,
        x: 13, y: 17, fg: Reset, bg: Reset, underline: Reset, modifier: DIM,
        x: 29, y: 17, fg: Reset, bg: Reset, underline: Reset, modifier: NONE,
    ]
}

18x12, cursor (11, 7)
Buffer {
    area: Rect { x: 0, y: 0, width: 18, height: 12 },
    content: [
        "                  ",
        "╭──── enter send ╮",
        "│ › Review the   │",
        "│   changes in   │",
        "│   日本語       │", // hidden by multi-width symbols: [(5, " "), (7, " "), (9, " ")]
        "│   Keep this    │",
        "│   draft        │",
        "│   intact.      │",
        "╰────────────────╯",
        "  GPT 5.6 Sol · D…",
        "                  ",
        "                  ",
    ],
    styles: [
        x: 0, y: 0, fg: Reset, bg: Reset, underline: Reset, modifier: NONE,
        x: 0, y: 1, fg: Reset, bg: Reset, underline: Reset, modifier: DIM,
        x: 6, y: 1, fg: Reset, bg: Reset, underline: Reset, modifier: BOLD,
        x: 11, y: 1, fg: Reset, bg: Reset, underline: Reset, modifier: DIM,
        x: 1, y: 2, fg: Reset, bg: Reset, underline: Reset, modifier: NONE,
        x: 2, y: 2, fg: Reset, bg: Reset, underline: Reset, modifier: BOLD,
        x: 3, y: 2, fg: Reset, bg: Reset, underline: Reset, modifier: NONE,
        x: 17, y: 2, fg: Reset, bg: Reset, underline: Reset, modifier: DIM,
        x: 1, y: 3, fg: Reset, bg: Reset, underline: Reset, modifier: NONE,
        x: 17, y: 3, fg: Reset, bg: Reset, underline: Reset, modifier: DIM,
        x: 1, y: 4, fg: Reset, bg: Reset, underline: Reset, modifier: NONE,
        x: 17, y: 4, fg: Reset, bg: Reset, underline: Reset, modifier: DIM,
        x: 1, y: 5, fg: Reset, bg: Reset, underline: Reset, modifier: NONE,
        x: 17, y: 5, fg: Reset, bg: Reset, underline: Reset, modifier: DIM,
        x: 1, y: 6, fg: Reset, bg: Reset, underline: Reset, modifier: NONE,
        x: 17, y: 6, fg: Reset, bg: Reset, underline: Reset, modifier: DIM,
        x: 1, y: 7, fg: Reset, bg: Reset, underline: Reset, modifier: NONE,
        x: 17, y: 7, fg: Reset, bg: Reset, underline: Reset, modifier: DIM,
        x: 0, y: 9, fg: Reset, bg: Reset, underline: Reset, modifier: NONE,
        x: 2, y: 9, fg: Reset, bg: Reset, underline: Reset, modifier: DIM,
        x: 0, y: 10, fg: Reset, bg: Reset, underline: Reset, modifier: NONE,
    ]
}

80x24, cursor (29, 13)
Buffer {
    area: Rect { x: 0, y: 0, width: 80, height: 24 },
    content: [
        "                                                                                ",
        "                                                                                ",
        "                                                                                ",
        "                                                                                ",
        "  >_ Codex                                                                      ",
        "                                                                                ",
        "  What would you like to build?                                                 ",
        "  A question, an idea, a task. Start anywhere.                                  ",
        "                                                                                ",
        "  Guarded access · /permissions                                                 ",
        "                                                                                ",
        "  ╭ Message ───────────────────────────────────────────────────── enter send ╮  ",
        "  │ › Review the changes in 日本語                                           │  ", // hidden by multi-width symbols: [(29, " "), (31, " "), (33, " ")]
        "  │   Keep this draft intact.                                                │  ",
        "  ╰ / commands · @ files ────────────────────────────────── ctrl + j newline ╯  ",
        "    GPT 5.6 Sol · Default reasoning · C:\tmp\project                            ",
        "                                                                                ",
        "    /plan  Shape an idea     /review  Review changes     /resume  Pick up a th  ",
        "                                                                                ",
        "                                                                                ",
        "                                                                                ",
        "                                                                                ",
        "                                                                                ",
        "                                                                                ",
    ],
    styles: [
        x: 0, y: 0, fg: Reset, bg: Reset, underline: Reset, modifier: NONE,
        x: 2, y: 4, fg: Reset, bg: Reset, underline: Reset, modifier: BOLD,
        x: 10, y: 4, fg: Reset, bg: Reset, underline: Reset, modifier: NONE,
        x: 2, y: 6, fg: Reset, bg: Reset, underline: Reset, modifier: BOLD,
        x: 31, y: 6, fg: Reset, bg: Reset, underline: Reset, modifier: NONE,
        x: 2, y: 7, fg: Reset, bg: Reset, underline: Reset, modifier: DIM,
        x: 46, y: 7, fg: Reset, bg: Reset, underline: Reset, modifier: NONE,
        x: 16, y: 9, fg: Reset, bg: Reset, underline: Reset, modifier: DIM,
        x: 19, y: 9, fg: Reset, bg: Reset, underline: Reset, modifier: BOLD | UNDERLINED,
        x: 31, y: 9, fg: Reset, bg: Reset, underline: Reset, modifier: NONE,
        x: 2, y: 11, fg: Reset, bg: Reset, underline: Reset, modifier: DIM,
        x: 3, y: 11, fg: Reset, bg: Reset, underline: Reset, modifier: BOLD | DIM,
        x: 12, y: 11, fg: Reset, bg: Reset, underline: Reset, modifier: DIM,
        x: 66, y: 11, fg: Reset, bg: Reset, underline: Reset, modifier: BOLD,
        x: 71, y: 11, fg: Reset, bg: Reset, underline: Reset, modifier: DIM,
        x: 78, y: 11, fg: Reset, bg: Reset, underline: Reset, modifier: NONE,
        x: 2, y: 12, fg: Reset, bg: Reset, underline: Reset, modifier: DIM,
        x: 3, y: 12, fg: Reset, bg: Reset, underline: Reset, modifier: NONE,
        x: 4, y: 12, fg: Reset, bg: Reset, underline: Reset, modifier: BOLD,
        x: 5, y: 12, fg: Reset, bg: Reset, underline: Reset, modifier: NONE,
        x: 77, y: 12, fg: Reset, bg: Reset, underline: Reset, modifier: DIM,
        x: 78, y: 12, fg: Reset, bg: Reset, underline: Reset, modifier: NONE,
        x: 2, y: 13, fg: Reset, bg: Reset, underline: Reset, modifier: DIM,
        x: 3, y: 13, fg: Reset, bg: Reset, underline: Reset, modifier: NONE,
        x: 77, y: 13, fg: Reset, bg: Reset, underline: Reset, modifier: DIM,
        x: 78, y: 13, fg: Reset, bg: Reset, underline: Reset, modifier: NONE,
        x: 2, y: 14, fg: Reset, bg: Reset, underline: Reset, modifier: DIM,
        x: 4, y: 14, fg: Reset, bg: Reset, underline: Reset, modifier: BOLD | DIM,
        x: 5, y: 14, fg: Reset, bg: Reset, underline: Reset, modifier: DIM,
        x: 17, y: 14, fg: Reset, bg: Reset, underline: Reset, modifier: BOLD | DIM,
        x: 18, y: 14, fg: Reset, bg: Reset, underline: Reset, modifier: DIM,
        x: 60, y: 14, fg: Reset, bg: Reset, underline: Reset, modifier: BOLD,
        x: 68, y: 14, fg: Reset, bg: Reset, underline: Reset, modifier: DIM,
        x: 78, y: 14, fg: Reset, bg: Reset, underline: Reset, modifier: NONE,
        x: 4, y: 15, fg: Reset, bg: Reset, underline: Reset, modifier: DIM,
        x: 38, y: 15, fg: Reset, bg: Reset, underline: Reset, modifier: BOLD | DIM,
        x: 52, y: 15, fg: Reset, bg: Reset, underline: Reset, modifier: NONE,
        x: 4, y: 17, fg: Reset, bg: Reset, underline: Reset, modifier: BOLD | UNDERLINED,
        x: 9, y: 17, fg: Reset, bg: Reset, underline: Reset, modifier: DIM,
        x: 29, y: 17, fg: Reset, bg: Reset, underline: Reset, modifier: BOLD | UNDERLINED,
        x: 36, y: 17, fg: Reset, bg: Reset, underline: Reset, modifier: DIM,
        x: 57, y: 17, fg: Reset, bg: Reset, underline: Reset, modifier: BOLD | UNDERLINED,
        x: 64, y: 17, fg: Reset, bg: Reset, underline: Reset, modifier: DIM,
        x: 78, y: 17, fg: Reset, bg: Reset, underline: Reset, modifier: NONE,
    ]
}

24x4, cursor (11, 1)
Buffer {
    area: Rect { x: 0, y: 0, width: 24, height: 4 },
    content: [
        "╭────────── enter send ╮",
        "│ › intact.            │",
        "╰──────────────────────╯",
        "  GPT 5.6 Sol · Default…",
    ],
    styles: [
        x: 0, y: 0, fg: Reset, bg: Reset, underline: Reset, modifier: DIM,
        x: 12, y: 0, fg: Reset, bg: Reset, underline: Reset, modifier: BOLD,
        x: 17, y: 0, fg: Reset, bg: Reset, underline: Reset, modifier: DIM,
        x: 1, y: 1, fg: Reset, bg: Reset, underline: Reset, modifier: NONE,
        x: 2, y: 1, fg: Reset, bg: Reset, underline: Reset, modifier: BOLD,
        x: 3, y: 1, fg: Reset, bg: Reset, underline: Reset, modifier: NONE,
        x: 23, y: 1, fg: Reset, bg: Reset, underline: Reset, modifier: DIM,
        x: 0, y: 3, fg: Reset, bg: Reset, underline: Reset, modifier: NONE,
        x: 2, y: 3, fg: Reset, bg: Reset, underline: Reset, modifier: DIM,
    ]
}
