---
source: tui/src/chatwidget/tests/slash_commands.rs
expression: popup
---
› /pro       toggle Pro reasoning mode
  /provider  choose which model provider to use
────────────────────────────────────────────────────────────────────────────────
│› /pro
────────────────────────────────────────────────────────────────────────────────
