---
source: tui/src/chatwidget/tests/slash_commands.rs
expression: normalize_snapshot_paths(term.backend().vt100().screen().contents())
---










✦ Working · 0s · Esc interrupt

• 1 retry at turn end
  ! Retry: Steer submitted while /compact was running.
────────────────────────────────────────────────────────────────────────────────
│›
────────────────────────────────────────────────────────────────────────────────
  GPT 5.6 Sol Default · /tmp/project
