---
source: tui/src/chatwidget/tests/status_and_layout.rs
assertion_line: 5448
expression: "format!(\"{running_snapshot}\\n\\n{completed_snapshot}\")"
---
running
activity:
"                                                                                "
"• Checking command                                                              "
"                                                                                "
"────────────────────────────────────────────────────────────────────────────────"
"│›                                                                              "
"────────────────────────────────────────────────────────────────────────────────"
"  GPT 5.6 Sol Default · /tmp/project                                            "
history:
<empty>

completed
activity:
"                                                                                "
"────────────────────────────────────────────────────────────────────────────────"
"│›                                                                              "
"────────────────────────────────────────────────────────────────────────────────"
"  GPT 5.6 Sol Default · /tmp/project                                            "
history:
• Blocked by hook
  └ command blocked by policy
