---
source: tui/src/chatwidget/tests/side.rs
expression: normalized_backend_snapshot(terminal.backend())
---
"                                                                                "
"✦ Working · 0s · Esc interrupt                                                  "
"                                                                                "
"────────────────────────────────────────────────────────────────────────────────"
"│›                                                                              "
"│                                                                               "
"  GPT 5.6 Sol Default                                         Side starting...  "
