---
source: tui/src/chatwidget/tests/composer_submission.rs
expression: "normalize_snapshot_paths(render_bottom_popup(&chat, 80))"
---
✦ Working · 0s · Esc interrupt

• 1 queued · ⌥ + ↑ edit latest queued
  + Queued: [Pasted Content 1006 chars]
────────────────────────────────────────────────────────────────────────────────
│›
────────────────────────────────────────────────────────────────────────────────
  GPT 5.6 Sol Default · /tmp/project
