---
source: tui/src/chatwidget/tests/status_and_layout.rs
expression: normalize_snapshot_paths(term.backend().vt100().screen().contents())
---










✦ Working · 0s · Esc interrupt

• 30 queued · ⌥ + ↑ edit latest queued
  + Queued: Hello, world! 0
  + Queued: Hello, world! 1
  + Queued: Hello, world! 2
  + Queued: Hello, world! 3
  + Queued: Hello, world! 4
  + Queued: Hello, world! 5
… 24 hidden · ⌥ + ↑ edit queue
────────────────────────────────────────────────────────────────────────────────
│›
────────────────────────────────────────────────────────────────────────────────
  GPT 5.6 Sol Default · /tmp/project
