---
source: tui/src/history_cell/tests.rs
expression: "format!(\"{buf:?}\")"
---
Buffer {
    area: Rect { x: 0, y: 0, width: 80, height: 4 },
    content: [
        "  >_ OpenAI Codex vtest                                                         ",
        "  gpt-5-ｶﾞ-ﾊﾟ  /model to change                                                 ", // hidden by multi-width symbols: [(9, " "), (12, " ")]
        "  project                                                                       ",
        "  guarded access  /permissions to review                                        ",
    ],
    styles: [
        x: 0, y: 0, fg: Magenta, bg: Reset, underline: Reset, modifier: BOLD,
        x: 5, y: 0, fg: Reset, bg: Reset, underline: Reset, modifier: BOLD,
        x: 17, y: 0, fg: Reset, bg: Reset, underline: Reset, modifier: DIM,
        x: 23, y: 0, fg: Reset, bg: Reset, underline: Reset, modifier: NONE,
        x: 15, y: 1, fg: Cyan, bg: Reset, underline: Reset, modifier: NONE,
        x: 21, y: 1, fg: Reset, bg: Reset, underline: Reset, modifier: DIM,
        x: 31, y: 1, fg: Reset, bg: Reset, underline: Reset, modifier: NONE,
        x: 18, y: 3, fg: Cyan, bg: Reset, underline: Reset, modifier: NONE,
        x: 30, y: 3, fg: Reset, bg: Reset, underline: Reset, modifier: DIM,
        x: 40, y: 3, fg: Reset, bg: Reset, underline: Reset, modifier: NONE,
    ]
}
